// Jest Snapshot v1, https://goo.gl/fbAQLP

exports[`matches snapshot for ShowCommunityImages 1`] = `
<div
  className="col-md-3 text-center m-3 p-3 bg-light text-info rounded shadow"
  data-testid="test-ShowCommunityImages"
>
  <img
    alt="Sleeping Cat"
    className="rounded"
    src="https://firebasestorage.googleapis.com/v0/b/pixel-image-uploader.appspot.com/o/images%2F8c5dc61b7c71444ca37bc342020e7891.jpg?alt=media&token=4fbf17bd-e125-4536-a02b-1f40518dbdcd"
    style={
      Object {
        "height": "100%",
        "width": "100%",
      }
    }
  />
  <h3
    className="mt-3 mb-2"
  >
    Sleeping Cat
  </h3>
</div>
`;
